// Jest Snapshot v1, https://goo.gl/fbAQLP

exports[`List should render my component 1`] = `
Array [
  <ul>
    <li />
  </ul>,
]
`;
