// Jest Snapshot v1, https://goo.gl/fbAQLP

exports[`Paginator should render my component 1`] = `
Array [
  <section
    className="paginator"
  >
    <a
      href="#"
    >
      First
    </a>
    <a
      href="#"
    >
      Previous
    </a>
    <span>
      Page 
       of 
      1
    </span>
    <a
      href="#"
    >
      Next
    </a>
    <a
      href="#"
    >
      Last
    </a>
  </section>,
]
`;
